// Vitest Snapshot v1, https://vitest.dev/guide/snapshot.html

exports[`checkAppElement > should execute checkAppElement with basic options 1`] = `
{
  "fileName": "test-result.png",
  "isAboveTolerance": false,
  "isExactSameImage": true,
  "isNewBaseline": false,
  "misMatchPercentage": 0,
}
`;
